GPU_CLAIM_RUN index=5 uuid=GPU-20c628ac-d9f2-2c9c-1609-d07f57d6e0e8 owner=AFIG job=fit-wx0.5 cmd=bash -c cd /workspace/AFIG && /venv/main/bin/python evaluate_autoencoder_checkpoint.py autoencoder_runs/ae-causal-ring-t12-m8-perceiver_sector-p256h4-seq2-film_low_rank-z64-r32-s1-n30000-vae-kl0.0001-wx0.5/checkpoint_30000.pt --data_root /workspace/AFIG/data && /venv/main/bin/python fit_autoencoder_latent_interface.py --checkpoint autoencoder_runs/ae-causal-ring-t12-m8-perceiver_sector-p256h4-seq2-film_low_rank-z64-r32-s1-n30000-vae-kl0.0001-wx0.5/checkpoint_30000.pt --output autoencoder_runs/ae-causal-ring-t12-m8-perceiver_sector-p256h4-seq2-film_low_rank-z64-r32-s1-n30000-vae-kl0.0001-wx0.5/latent_interface_posterior_mean.pt
/venv/main/lib/python3.12/site-packages/torch/nn/functional.py:2954: UserWarning: Mismatch dtype between input and weight: input dtype = c10::BFloat16, weight dtype = float, Cannot dispatch to fused implementation. (Triggered internally at /pytorch/aten/src/ATen/native/layer_norm.cpp:344.)
  return torch.rms_norm(input, normalized_shape, weight, eps)
{
  "checkpoint": "autoencoder_runs/ae-causal-ring-t12-m8-perceiver_sector-p256h4-seq2-film_low_rank-z64-r32-s1-n30000-vae-kl0.0001-wx0.5/checkpoint_30000.pt",
  "test/examples": 10000.0,
  "reconstruction/pixel_mse": 0.0003121648143976927,
  "reconstruction/psnr": 35.08071875,
  "reconstruction/physical_fourier_nrmse": 0.03276610661149025,
  "reconstruction/log_amplitude_mae": 0.18676508796215058,
  "reconstruction/phase_circular_error": 0.048023213905096056,
  "reconstruction/radial_power_relative_error": 0.07479529749155045,
  "reconstruction/whitened_token_mse": 0.026686136865615846
}
{
  "output": "autoencoder_runs/ae-causal-ring-t12-m8-perceiver_sector-p256h4-seq2-film_low_rank-z64-r32-s1-n30000-vae-kl0.0001-wx0.5/latent_interface_posterior_mean.pt",
  "probe_validation_mse": 0.9169667959213257,
  "zero_baseline_mse": 1.007501482963562,
  "probe_fractional_improvement": 0.08986061811447144,
  "ring_probe_fractional_improvement": 0.15345525741577148
}
