[gpu-claim] job=v27-zca-whitening-audit owner=AFIG -> gpu5
/venv/main/lib/python3.12/site-packages/torch/nn/functional.py:2954: UserWarning: Mismatch dtype between input and weight: input dtype = c10::BFloat16, weight dtype = float, Cannot dispatch to fused implementation. (Triggered internally at /pytorch/aten/src/ATen/native/layer_norm.cpp:344.)
  return torch.rms_norm(input, normalized_shape, weight, eps)
{"fp16": 1.5719725819945852e-08, "gamma": 0.0, "pixel": 0.0, "rank": 369.8820495605469, "token_self": 1.0, "variant": "channel"}
{"fp16": 0.0001984733640771894, "gamma": 0.25, "pixel": 0.0011707035751881473, "rank": 442.83294677734375, "token_self": 1.0000001192092896, "variant": "channel"}
{"fp16": 0.00019492673339301453, "gamma": 0.5, "pixel": 0.0012020684484550597, "rank": 512.1321411132812, "token_self": 1.0, "variant": "channel"}
{"fp16": 0.00019854059970060336, "gamma": 0.75, "pixel": 0.0012017439393206173, "rank": 569.8214721679688, "token_self": 1.0, "variant": "channel"}
{"fp16": 0.00020865155706666183, "gamma": 1.0, "pixel": 0.0012000833250843223, "rank": 610.3712158203125, "token_self": 1.0, "variant": "channel"}
{"fp16": 1.5719725819945852e-08, "gamma": 0.0, "pixel": 0.0, "rank": 369.8820495605469, "token_self": 1.0, "variant": "sequence"}
{"fp16": 0.00019612076303965052, "gamma": 0.25, "pixel": 0.0011796933325470458, "rank": 470.87518310546875, "token_self": 0.9896413087844849, "variant": "sequence"}
{"fp16": 0.00019256275723795188, "gamma": 0.5, "pixel": 0.0011974269930053276, "rank": 548.4274291992188, "token_self": 0.9743746519088745, "variant": "sequence"}
{"fp16": 0.00019619536014730215, "gamma": 0.75, "pixel": 0.0011957335803417003, "rank": 599.4967041015625, "token_self": 0.95955491065979, "variant": "sequence"}
{"fp16": 0.00020809566948371507, "gamma": 1.0, "pixel": 0.0011991424458777712, "rank": 627.2664794921875, "token_self": 0.9441186189651489, "variant": "sequence"}
{"fp16": 1.5719725819945852e-08, "gamma": 0.0, "pixel": 0.0, "rank": 369.8820495605469, "token_self": 1.0, "variant": "axial"}
{"fp16": 0.00018839410702372627, "gamma": 0.25, "pixel": 0.0011904273215061806, "rank": 544.46923828125, "token_self": 0.9896413683891296, "variant": "axial"}
{"fp16": 0.00018609814756096604, "gamma": 0.5, "pixel": 0.0011982284065087672, "rank": 671.0018310546875, "token_self": 0.9743746519088745, "variant": "axial"}
{"fp16": 0.0001965923533736181, "gamma": 0.75, "pixel": 0.001198697034104012, "rank": 731.0493774414062, "token_self": 0.9595548510551453, "variant": "axial"}
{"fp16": 0.00022467999651687358, "gamma": 1.0, "pixel": 0.00120603089142531, "rank": 725.3426513671875, "token_self": 0.9441186189651489, "variant": "axial"}
{"fp16": 1.5719725819945852e-08, "gamma": 0.0, "pixel": 0.0, "rank": 369.8820495605469, "token_self": 1.0, "variant": "flattened"}
{"fp16": 0.00017838947058213073, "gamma": 0.25, "pixel": 0.0011963806723178066, "rank": 618.042724609375, "token_self": 0.9837386608123779, "variant": "flattened"}
{"fp16": 0.0001710674353633745, "gamma": 0.5, "pixel": 0.0012034990052207952, "rank": 814.7363891601562, "token_self": 0.956285297870636, "variant": "flattened"}
{"fp16": 0.00018139980409608955, "gamma": 0.75, "pixel": 0.0012001862040098858, "rank": 917.5033569335938, "token_self": 0.9232929944992065, "variant": "flattened"}
{"fp16": 0.00021429796852548988, "gamma": 1.0, "pixel": 0.001207746377778504, "rank": 943.62744140625, "token_self": 0.8773156404495239, "variant": "flattened"}
{"complete": "reports/2026-08-26_autoencoder_program/zca_whitening/metrics.json", "identity_max_abs_error_limit": 1e-06, "float32_roundtrip_relative_rms_limit": 1e-05, "float16_cache_roundtrip_relative_rms_limit": 0.002, "decoded_pixel_delta_relative_rms_limit": 0.002, "observed_identity_max_abs_error": 0.0, "observed_float32_roundtrip_relative_rms": 9.662780936759847e-06, "observed_float16_cache_roundtrip_relative_rms": 0.00022467999651687358, "observed_decoded_pixel_delta_rms": 0.001207746377778504, "variants": {"channel": {"identity_max_abs_error": 0.0, "maximum_float32_roundtrip_relative_rms": 5.491718860766303e-07, "maximum_float16_cache_roundtrip_relative_rms": 0.00020865155706666183, "maximum_decoded_pixel_delta_rms": 0.0012020684484550597, "healthy": true}, "sequence": {"identity_max_abs_error": 0.0, "maximum_float32_roundtrip_relative_rms": 1.5272299048390859e-06, "maximum_float16_cache_roundtrip_relative_rms": 0.00020809566948371507, "maximum_decoded_pixel_delta_rms": 0.0011991424458777712, "healthy": true}, "axial": {"identity_max_abs_error": 0.0, "maximum_float32_roundtrip_relative_rms": 4.19529003952478e-06, "maximum_float16_cache_roundtrip_relative_rms": 0.00022467999651687358, "maximum_decoded_pixel_delta_rms": 0.00120603089142531, "healthy": true}, "flattened": {"identity_max_abs_error": 0.0, "maximum_float32_roundtrip_relative_rms": 9.662780936759847e-06, "maximum_float16_cache_roundtrip_relative_rms": 0.00021429796852548988, "maximum_decoded_pixel_delta_rms": 0.001207746377778504, "healthy": true}}, "selected_training_variant": "axial", "training_authorized": true}
