[gpu-claim] job=v27-factorized-whiten16-cache owner=AFIG -> gpu3
{"projected": 2048, "total": 100000}
{"projected": 4096, "total": 100000}
{"projected": 6144, "total": 100000}
{"projected": 8192, "total": 100000}
{"projected": 10240, "total": 100000}
{"projected": 12288, "total": 100000}
{"projected": 14336, "total": 100000}
{"projected": 16384, "total": 100000}
{"projected": 18432, "total": 100000}
{"projected": 20480, "total": 100000}
{"projected": 22528, "total": 100000}
{"projected": 24576, "total": 100000}
{"projected": 26624, "total": 100000}
{"projected": 28672, "total": 100000}
{"projected": 30720, "total": 100000}
{"projected": 32768, "total": 100000}
{"projected": 34816, "total": 100000}
{"projected": 36864, "total": 100000}
{"projected": 38912, "total": 100000}
{"projected": 40960, "total": 100000}
{"projected": 43008, "total": 100000}
{"projected": 45056, "total": 100000}
{"projected": 47104, "total": 100000}
{"projected": 49152, "total": 100000}
{"projected": 51200, "total": 100000}
{"projected": 53248, "total": 100000}
{"projected": 55296, "total": 100000}
{"projected": 57344, "total": 100000}
{"projected": 59392, "total": 100000}
{"projected": 61440, "total": 100000}
{"projected": 63488, "total": 100000}
{"projected": 65536, "total": 100000}
{"projected": 67584, "total": 100000}
{"projected": 69632, "total": 100000}
{"projected": 71680, "total": 100000}
{"projected": 73728, "total": 100000}
{"projected": 75776, "total": 100000}
{"projected": 77824, "total": 100000}
{"projected": 79872, "total": 100000}
{"projected": 81920, "total": 100000}
{"projected": 83968, "total": 100000}
{"projected": 86016, "total": 100000}
{"projected": 88064, "total": 100000}
{"projected": 90112, "total": 100000}
{"projected": 92160, "total": 100000}
{"projected": 94208, "total": 100000}
{"projected": 96256, "total": 100000}
{"projected": 98304, "total": 100000}
{"projected": 100000, "total": 100000}
{"projected": 2048, "total": 10000}
{"projected": 4096, "total": 10000}
{"projected": 6144, "total": 10000}
{"projected": 8192, "total": 10000}
{"projected": 10000, "total": 10000}
{"complete": "/workspace/AFIG/tokenizer_runs/v27-residual-e7p1-det-jitter05-slotbal2e3-n64d16-s2/latents_factorized_whiten16_original_flip.pt", "global_mean": -0.0002684489300008863, "global_std": 1.0001332759857178, "roundtrip_relative_rms": 0.00020197801977046823, "selection": {"beta": 0.25, "candidate": "factorized", "gain_cap": 16.0, "loss_family": "flow_target_energy", "loss_weights": [1.3913005497710667, 1.2597517106043898, 1.1852830774078849, 1.1338335543572262, 1.1198567247592977, 1.1052248611034747, 1.0922750475998482, 1.077590832463513, 1.0627047908949416, 1.056063757595062, 1.0456370643685304, 1.0414155897955797, 1.0371368940939898, 1.0331722599934743, 1.0277800104941475, 1.0229804504438502, 1.0173391258912012, 1.0151851981455249, 1.0123303092621478, 1.0064952175816062, 1.0050890712812262, 1.0004515155499556, 0.9989199598669853, 0.9955513196263033, 0.9938676983339916, 0.9926981732337921, 0.9924899059807435, 0.9881695372901093, 0.9861716879349037, 0.9845996367404373, 0.9828702015499595, 0.9823797261448916, 0.979815905072297, 0.9780165195321201, 0.9769211795016592, 0.9762459333066076, 0.9748859858971833, 0.9738313570524239, 0.9715376205773392, 0.9705278126261346, 0.9686022908799664, 0.9671442281232527, 0.9665978631772212, 0.9653808709071346, 0.9644390583540617, 0.9612004508760014, 0.9597035531512178, 0.9585980209969045, 0.9564998839621992, 0.9551223864752125, 0.9535624461967873, 0.9510529283626855, 0.9485731308091068, 0.9476161763721319, 0.9459424959661691, 0.9400657219862267, 0.939348982103055, 0.934714346628905, 0.9319590590106973, 0.9283553342388029, 0.9256190973923607, 0.9255150133254162, 0.9233463407542939, 0.7326425462243702], "rational_odds": [1.3082858109675843, 1.2063275660503292, 1.1445910174670313, 1.099915768352299, 1.0874622697735896, 1.074270465503888, 1.0624585421403903, 1.0489036976035533, 1.0349813645653683, 1.0287094870046163, 1.0187844869873033, 1.0147385264869635, 1.010621195466297, 1.0067910522665395, 1.0015582142740427, 0.9968774387608403, 0.9913474770213251, 0.9892279141440178, 0.9864115547882055, 0.9806300526552719, 0.9792317163939177, 0.9746056988837103, 0.9730731229493217, 0.9696937159214583, 0.9680002917057545, 0.9668222111996, 0.966612269803043, 0.9622468415409945, 0.9602214448036956, 0.958624708934356, 0.9568650398168691, 0.9563654006161512, 0.9537494183753622, 0.9519091308121778, 0.9507871484149062, 0.9500948177823476, 0.9486989288179799, 0.9476150119868315, 0.9452532850888685, 0.9442116718362942, 0.9422223118941848, 0.9407131099918999, 0.9401469581896306, 0.938884664871949, 0.9379066284071595, 0.93453564644194, 0.9329734488819325, 0.9318180081852993, 0.9296212030045655, 0.9281760992152127, 0.9265368770647966, 0.9238937134974593, 0.9212744038780721, 0.9202616180993227, 0.9184876059824062, 0.9122312148143478, 0.9114652380940634, 0.9064965999222174, 0.9035297977771938, 0.8996346599528706, 0.8966658578821144, 0.8965527331475638, 0.8941924356225389, 0.6541429054837922], "schedule_ranges": {"flow_target_energy_loss": 1.899016862917737, "rational_odds": 2.0, "signal_metric_loss": 4.0, "snr1_crossing_max": 0.6045426889568087, "snr1_crossing_min": 0.4332219152622271}, "snr1_crossings": [0.4332219152622271, 0.4532418555555448, 0.46628937259146797, 0.4762095771034906, 0.47905057470018947, 0.48209720797286526, 0.484858230877317, 0.4880658867323164, 0.491404991422897, 0.492924199549388, 0.4953475749619674, 0.49634232276466594, 0.4973587278672267, 0.49830798222394174, 0.4996107496991768, 0.5007818610142386, 0.502172529676141, 0.5027076047393537, 0.5034203499217068, 0.5048898448548633, 0.505246551839802, 0.5064302207601866, 0.5068235882232354, 0.5076931463591444, 0.5081300059835128, 0.5084343639733874, 0.5084886407731761, 0.5096198800425529, 0.5101464442453051, 0.5105623325583785, 0.5110214448379046, 0.5111519553990543, 0.511836364783949, 0.5123189313551221, 0.512613588218756, 0.5127955783899791, 0.5131629033154798, 0.513448496671765, 0.5140718731413504, 0.5143472876363853, 0.5148741181048081, 0.5152745116480271, 0.5154248732441945, 0.5157604359442617, 0.5160207335798932, 0.5169199140058401, 0.5173376802347794, 0.5176471053499364, 0.5182364281875244, 0.518624829136203, 0.5190661086766035, 0.5197792336366094, 0.5204878584659799, 0.5207623745507142, 0.5212439198886181, 0.5229493129559056, 0.5231588731360387, 0.5245223096861535, 0.525339819301872, 0.5264170111661417, 0.5272409981147845, 0.5272724467515207, 0.5279294654512456, 0.6045426889568087], "token_group_sizes": [1, 1, 1, 1, 1, 1, 1, 1, 1, 1, 1, 1, 1, 1, 1, 1, 1, 1, 1, 1, 1, 1, 1, 1, 1, 1, 1, 1, 1, 1, 1, 1, 1, 1, 1, 1, 1, 1, 1, 1, 1, 1, 1, 1, 1, 1, 1, 1, 1, 1, 1, 1, 1, 1, 1, 1, 1, 1, 1, 1, 1, 1, 1, 1], "training_authorized_by_numeric_gates": true}, "shape": [100000, 64, 16]}
