{"transformed": 2048, "total": 100000}
{"transformed": 4096, "total": 100000}
{"transformed": 6144, "total": 100000}
{"transformed": 8192, "total": 100000}
{"transformed": 10240, "total": 100000}
{"transformed": 12288, "total": 100000}
{"transformed": 14336, "total": 100000}
{"transformed": 16384, "total": 100000}
{"transformed": 18432, "total": 100000}
{"transformed": 20480, "total": 100000}
{"transformed": 22528, "total": 100000}
{"transformed": 24576, "total": 100000}
{"transformed": 26624, "total": 100000}
{"transformed": 28672, "total": 100000}
{"transformed": 30720, "total": 100000}
{"transformed": 32768, "total": 100000}
{"transformed": 34816, "total": 100000}
{"transformed": 36864, "total": 100000}
{"transformed": 38912, "total": 100000}
{"transformed": 40960, "total": 100000}
{"transformed": 43008, "total": 100000}
{"transformed": 45056, "total": 100000}
{"transformed": 47104, "total": 100000}
{"transformed": 49152, "total": 100000}
{"transformed": 51200, "total": 100000}
{"transformed": 53248, "total": 100000}
{"transformed": 55296, "total": 100000}
{"transformed": 57344, "total": 100000}
{"transformed": 59392, "total": 100000}
{"transformed": 61440, "total": 100000}
{"transformed": 63488, "total": 100000}
{"transformed": 65536, "total": 100000}
{"transformed": 67584, "total": 100000}
{"transformed": 69632, "total": 100000}
{"transformed": 71680, "total": 100000}
{"transformed": 73728, "total": 100000}
{"transformed": 75776, "total": 100000}
{"transformed": 77824, "total": 100000}
{"transformed": 79872, "total": 100000}
{"transformed": 81920, "total": 100000}
{"transformed": 83968, "total": 100000}
{"transformed": 86016, "total": 100000}
{"transformed": 88064, "total": 100000}
{"transformed": 90112, "total": 100000}
{"transformed": 92160, "total": 100000}
{"transformed": 94208, "total": 100000}
{"transformed": 96256, "total": 100000}
{"transformed": 98304, "total": 100000}
{"transformed": 100000, "total": 100000}
{"transformed": 2048, "total": 10000}
{"transformed": 4096, "total": 10000}
{"transformed": 6144, "total": 10000}
{"transformed": 8192, "total": 10000}
{"transformed": 10000, "total": 10000}
{"channel_relative_gain_range": 3.2136127224829996, "complete": "/workspace/AFIG/tokenizer_runs/v27-residual-e7p1-det-jitter05-slotbal2e3-n64d16-s2/latents_channel_zca_g1_original_flip.pt", "gamma": 1.0, "global_mean": 0.004202104639261961, "global_std": 0.9073759913444519, "relative_gain_range": 3.2136127224829996, "roundtrip_relative_rms": 0.0002129987327175567, "variant": "channel"}
validated channel: {'type': 'channel_zca_power', 'variant': 'channel', 'gamma': 1.0, 'channel_relative_gain_range': 3.2136127224829996, 'relative_gain_range': 3.2136127224829996, 'formula': 'rotate-back ZCA with selected-axis gain proportional to normalized eigenvalue^(-gamma/2)', 'source_cache': '/workspace/AFIG/tokenizer_runs/v27-residual-e7p1-det-jitter05-slotbal2e3-n64d16-s2/latents_final_original_flip.pt', 'geometry': '/workspace/AFIG/reports/2026-08-26_autoencoder_program/zca_whitening/zca_geometry.pt', 'clean_token_magnitude_rescaling': False, 'cache_roundtrip_relative_rms': 0.0002129987327175567}
{"transformed": 2048, "total": 100000}
{"transformed": 4096, "total": 100000}
{"transformed": 6144, "total": 100000}
{"transformed": 8192, "total": 100000}
{"transformed": 10240, "total": 100000}
{"transformed": 12288, "total": 100000}
{"transformed": 14336, "total": 100000}
{"transformed": 16384, "total": 100000}
{"transformed": 18432, "total": 100000}
{"transformed": 20480, "total": 100000}
{"transformed": 22528, "total": 100000}
{"transformed": 24576, "total": 100000}
{"transformed": 26624, "total": 100000}
{"transformed": 28672, "total": 100000}
{"transformed": 30720, "total": 100000}
{"transformed": 32768, "total": 100000}
{"transformed": 34816, "total": 100000}
{"transformed": 36864, "total": 100000}
{"transformed": 38912, "total": 100000}
{"transformed": 40960, "total": 100000}
{"transformed": 43008, "total": 100000}
{"transformed": 45056, "total": 100000}
{"transformed": 47104, "total": 100000}
{"transformed": 49152, "total": 100000}
{"transformed": 51200, "total": 100000}
{"transformed": 53248, "total": 100000}
{"transformed": 55296, "total": 100000}
{"transformed": 57344, "total": 100000}
{"transformed": 59392, "total": 100000}
{"transformed": 61440, "total": 100000}
{"transformed": 63488, "total": 100000}
{"transformed": 65536, "total": 100000}
{"transformed": 67584, "total": 100000}
{"transformed": 69632, "total": 100000}
{"transformed": 71680, "total": 100000}
{"transformed": 73728, "total": 100000}
{"transformed": 75776, "total": 100000}
{"transformed": 77824, "total": 100000}
{"transformed": 79872, "total": 100000}
{"transformed": 81920, "total": 100000}
{"transformed": 83968, "total": 100000}
{"transformed": 86016, "total": 100000}
{"transformed": 88064, "total": 100000}
{"transformed": 90112, "total": 100000}
{"transformed": 92160, "total": 100000}
{"transformed": 94208, "total": 100000}
{"transformed": 96256, "total": 100000}
{"transformed": 98304, "total": 100000}
{"transformed": 100000, "total": 100000}
{"transformed": 2048, "total": 10000}
{"transformed": 4096, "total": 10000}
{"transformed": 6144, "total": 10000}
{"transformed": 8192, "total": 10000}
{"transformed": 10000, "total": 10000}
{"complete": "/workspace/AFIG/tokenizer_runs/v27-residual-e7p1-det-jitter05-slotbal2e3-n64d16-s2/latents_sequence_zca_g1_original_flip.pt", "gamma": 1.0, "global_mean": 0.004393906332552433, "global_std": 0.907294750213623, "relative_gain_range": 215.82547657648172, "roundtrip_relative_rms": 0.0002121586515187147, "sequence_relative_gain_range": 215.82547657648172, "variant": "sequence"}
validated sequence: {'type': 'sequence_zca_power', 'variant': 'sequence', 'gamma': 1.0, 'sequence_relative_gain_range': 215.82547657648172, 'relative_gain_range': 215.82547657648172, 'formula': 'rotate-back ZCA with selected-axis gain proportional to normalized eigenvalue^(-gamma/2)', 'source_cache': '/workspace/AFIG/tokenizer_runs/v27-residual-e7p1-det-jitter05-slotbal2e3-n64d16-s2/latents_final_original_flip.pt', 'geometry': '/workspace/AFIG/reports/2026-08-26_autoencoder_program/zca_whitening/zca_geometry.pt', 'clean_token_magnitude_rescaling': False, 'cache_roundtrip_relative_rms': 0.0002121586515187147}
{"transformed": 2048, "total": 100000}
{"transformed": 4096, "total": 100000}
{"transformed": 6144, "total": 100000}
{"transformed": 8192, "total": 100000}
{"transformed": 10240, "total": 100000}
{"transformed": 12288, "total": 100000}
{"transformed": 14336, "total": 100000}
{"transformed": 16384, "total": 100000}
{"transformed": 18432, "total": 100000}
{"transformed": 20480, "total": 100000}
{"transformed": 22528, "total": 100000}
{"transformed": 24576, "total": 100000}
{"transformed": 26624, "total": 100000}
{"transformed": 28672, "total": 100000}
{"transformed": 30720, "total": 100000}
{"transformed": 32768, "total": 100000}
{"transformed": 34816, "total": 100000}
{"transformed": 36864, "total": 100000}
{"transformed": 38912, "total": 100000}
{"transformed": 40960, "total": 100000}
{"transformed": 43008, "total": 100000}
{"transformed": 45056, "total": 100000}
{"transformed": 47104, "total": 100000}
{"transformed": 49152, "total": 100000}
{"transformed": 51200, "total": 100000}
{"transformed": 53248, "total": 100000}
{"transformed": 55296, "total": 100000}
{"transformed": 57344, "total": 100000}
{"transformed": 59392, "total": 100000}
{"transformed": 61440, "total": 100000}
{"transformed": 63488, "total": 100000}
{"transformed": 65536, "total": 100000}
{"transformed": 67584, "total": 100000}
{"transformed": 69632, "total": 100000}
{"transformed": 71680, "total": 100000}
{"transformed": 73728, "total": 100000}
{"transformed": 75776, "total": 100000}
{"transformed": 77824, "total": 100000}
{"transformed": 79872, "total": 100000}
{"transformed": 81920, "total": 100000}
{"transformed": 83968, "total": 100000}
{"transformed": 86016, "total": 100000}
{"transformed": 88064, "total": 100000}
{"transformed": 90112, "total": 100000}
{"transformed": 92160, "total": 100000}
{"transformed": 94208, "total": 100000}
{"transformed": 96256, "total": 100000}
{"transformed": 98304, "total": 100000}
{"transformed": 100000, "total": 100000}
{"transformed": 2048, "total": 10000}
{"transformed": 4096, "total": 10000}
{"transformed": 6144, "total": 10000}
{"transformed": 8192, "total": 10000}
{"transformed": 10000, "total": 10000}
{"complete": "/workspace/AFIG/tokenizer_runs/v27-residual-e7p1-det-jitter05-slotbal2e3-n64d16-s2/latents_flattened_zca_g1_original_flip.pt", "flattened_relative_gain_range": 1866.1603565969842, "gamma": 1.0, "global_mean": 0.004214417189359665, "global_std": 0.9237879514694214, "relative_gain_range": 1866.1603565969842, "roundtrip_relative_rms": 0.00020128983780733902, "variant": "flattened"}
validated flattened: {'type': 'flattened_zca_power', 'variant': 'flattened', 'gamma': 1.0, 'flattened_relative_gain_range': 1866.1603565969842, 'relative_gain_range': 1866.1603565969842, 'formula': 'rotate-back ZCA with selected-axis gain proportional to normalized eigenvalue^(-gamma/2)', 'source_cache': '/workspace/AFIG/tokenizer_runs/v27-residual-e7p1-det-jitter05-slotbal2e3-n64d16-s2/latents_final_original_flip.pt', 'geometry': '/workspace/AFIG/reports/2026-08-26_autoencoder_program/zca_whitening/zca_geometry.pt', 'clean_token_magnitude_rescaling': False, 'cache_roundtrip_relative_rms': 0.00020128983780733902}
ZCA AXIS CACHE SUITE COMPLETE 2026-09-06T00:54:33Z
