GPU_CLAIM_RUN index=5 uuid=GPU-20c628ac-d9f2-2c9c-1609-d07f57d6e0e8 owner=AFIG job=flow-proto2 cmd=/venv/main/bin/python /workspace/AFIG/prototype_flow_head.py --checkpoint /workspace/AFIG/autoencoder_runs/ae-causal-ring-t12-m8-perceiver_sector-p256h4-seq2-film_low_rank-z64-r32-s1-n30000-vae-kl0.0001/checkpoint_30000.pt --latent_interface /workspace/AFIG/autoencoder_runs/ae-causal-ring-t12-m8-perceiver_sector-p256h4-seq2-film_low_rank-z64-r32-s1-n30000-vae-kl0.0001/latent_interface_posterior_mean.pt --ar_checkpoint /workspace/AFIG/latent_continuous_runs/regularized/ar-wd0.1-bright/checkpoint_7500.pt --output_dir /workspace/AFIG/diagnostics/flow_proto2
frozen AR trunk from step 7500
train (434176, 768)  test (108544, 768)
conditional Gaussian NLL/dim : 0.7982
marginal Gaussian NLL/dim    : 0.9303
flow parameters: 9.06M
/workspace/AFIG/prototype_flow_head.py:203: UserWarning: Converting a tensor with requires_grad=True to a scalar may lead to unexpected behavior.
Consider using tensor.detach() first. (Triggered internally at /pytorch/torch/csrc/autograd/generated/python_variable_methods.cpp:836.)
  history.append({"step": iteration + 1, "train_nll": float(output["loss"]), "test_nll": test_nll})
  step   500  train 0.4357  test 0.4724
  step  1000  train 0.3200  test 0.3605
  step  1500  train 0.2112  test 0.2562
  step  2000  train 0.1466  test 0.2050
  step  2500  train 0.1151  test 0.1684
  step  3000  train 0.0652  test 0.1412
  step  3500  train 0.0510  test 0.1160
  step  4000  train 0.0208  test 0.0961
  step  4500  train -0.0041  test 0.0811
  step  5000  train -0.0046  test 0.0724
  step  5500  train -0.0169  test 0.0659
  step  6000  train -0.0047  test 0.0640

=== NLL per dimension (nats, lower is better) ===
  marginal Gaussian     : 0.9303
  conditional Gaussian  : 0.7982
  conditional FLOW      : 0.0640

  context gain (Gaussian)      : +0.1321
  flow gain beyond Gaussian    : +0.7342
