GPU_CLAIM_RUN index=5 uuid=GPU-20c628ac-d9f2-2c9c-1609-d07f57d6e0e8 owner=AFIG job=hier-wx0.5 cmd=/venv/main/bin/python /workspace/AFIG/diagnose_hierarchy_chain.py --checkpoint /workspace/AFIG/autoencoder_runs/ae-causal-ring-t12-m8-perceiver_sector-p256h4-seq2-film_low_rank-z64-r32-s1-n30000-vae-kl0.0001-wx0.5/checkpoint_30000.pt --latent_interface /workspace/AFIG/autoencoder_runs/ae-causal-ring-t12-m8-perceiver_sector-p256h4-seq2-film_low_rank-z64-r32-s1-n30000-vae-kl0.0001-wx0.5/latent_interface_posterior_mean.pt --output_dir /workspace/AFIG/diagnostics/hierarchy_wx0.5
analyzing 0_pixels (20000, 3072) ...
analyzing 1_fft_raw (20000, 3072) ...
analyzing 2_fft_whitened_AE_input (20000, 3072) ...
analyzing 3_latents_raw (20000, 3392) ...
analyzing 4_latents_normalized (20000, 3392) ...

space                       dims  coord var ratio  eigen var ratio       PR
0_pixels                    3072        1.579e+00        1.996e+04      9.2
1_fft_raw                   3072        7.627e+02        1.995e+04      5.3
2_fft_whitened_AE_input     3072        2.813e+01        1.965e+03     89.6
3_latents_raw               3392        2.873e+00        1.288e+04    261.1
4_latents_normalized        3392        1.068e+00        1.122e+04    273.5

space                       coord t* spread  eigen t* spread
0_pixels                              0.042            0.704
1_fft_raw                             0.720            0.720
2_fft_whitened_AE_input               0.536            0.525
3_latents_raw                         0.117            0.563
4_latents_normalized                  0.008            0.498

(both ratios are 5th-vs-95th percentile of variance across directions,
 robust to the numerically-tiny eigenvalues that make min/max meaningless)

wrote /workspace/AFIG/diagnostics/hierarchy_wx0.5/hierarchy_chain_report.json
